// Jest Snapshot v1, https://goo.gl/fbAQLP

exports[`<Main/> should render the heading 1`] = `
<main
  class="styles__Wrapper-sc-dzx1ao-0 gjhmGG"
>
  <img
    alt="the picture of aton an write React Advanced on side"
    class="styles__Logo-sc-dzx1ao-1 bmXpbV"
    src="/img/logo.svg"
  />
  <h1
    class="styles__Title-sc-dzx1ao-2 cIwDMv"
  >
    React Avan√ßado
  </h1>
  <h2
    class="styles__Description-sc-dzx1ao-3 UsxhU"
  >
    TypeScrip, ReactJS, NextJS e Styled Components
  </h2>
  <img
    alt="its a picture of a developer sit in front of computer with a code on the screen"
    class="styles__Illustration-sc-dzx1ao-4 hhqMen"
    src="/img/hero-illustration.svg"
  />
</main>
`;
